{"out": "results/LANE_SURGICAL_INCISION/r2/layers_n96", "CPU_s": 138.441884471, "residual": 7.646317291546651e-11, "cases": 22}
	Command being timed: "python results/LANE_SURGICAL_INCISION/layered_skin_r2.py --nx 96 --out results/LANE_SURGICAL_INCISION/r2/layers_n96"
	User time (seconds): 131.95
	System time (seconds): 6.89
	Percent of CPU this job got: 115%
	Elapsed (wall clock) time (h:mm:ss or m:ss): 1:59.72
	Average shared text size (kbytes): 0
	Average unshared data size (kbytes): 0
	Average stack size (kbytes): 0
	Average total size (kbytes): 0
	Maximum resident set size (kbytes): 262820
	Average resident set size (kbytes): 0
	Major (requiring I/O) page faults: 0
	Minor (reclaiming a frame) page faults: 3405115
	Voluntary context switches: 1253
	Involuntary context switches: 13596
	Swaps: 0
	File system inputs: 0
	File system outputs: 6824
	Socket messages sent: 0
	Socket messages received: 0
	Signals delivered: 0
	Page size (bytes): 4096
	Exit status: 0
