{"out": "results/LANE_SURGICAL_INCISION/r2/layers_v2_n64", "CPU_s": 45.450403689, "residual": 4.356907781777763e-11, "cases": 22}
	Command being timed: "python results/LANE_SURGICAL_INCISION/layered_skin_r2.py --nx 64 --out results/LANE_SURGICAL_INCISION/r2/layers_v2_n64"
	User time (seconds): 44.19
	System time (seconds): 1.67
	Percent of CPU this job got: 161%
	Elapsed (wall clock) time (h:mm:ss or m:ss): 0:28.46
	Average shared text size (kbytes): 0
	Average unshared data size (kbytes): 0
	Average stack size (kbytes): 0
	Average total size (kbytes): 0
	Maximum resident set size (kbytes): 143548
	Average resident set size (kbytes): 0
	Major (requiring I/O) page faults: 0
	Minor (reclaiming a frame) page faults: 1035260
	Voluntary context switches: 312
	Involuntary context switches: 4032
	Swaps: 0
	File system inputs: 0
	File system outputs: 2976
	Socket messages sent: 0
	Socket messages received: 0
	Signals delivered: 0
	Page size (bytes): 4096
	Exit status: 0
