{"CPU_s": 71.519337272, "peak_RSS_KiB": 446380, "epi_refinement": 0.009633383360141115, "release_refinement": [{"a_m": 0, "gap_difference_relative": [0.02675822224395921, 0.0, 0.0], "release_difference_J_m2": null}, {"a_m": 0.008, "gap_difference_relative": [0.01969781517633294, 0.02080620628289326, 0.0], "release_difference_J_m2": 2.715451794872699}, {"a_m": 0.012, "gap_difference_relative": [0.012671019562816084, 0.013301492776791515, 0.0], "release_difference_J_m2": 1.6012886740514745}, {"a_m": 0.016, "gap_difference_relative": [0.009694999664769381, 0.010238018191255971, 0.0], "release_difference_J_m2": 1.2989510012884011}, {"a_m": 0.02, "gap_difference_relative": [0.008182461180387575, 0.00870459287081255, 0.0], "release_difference_J_m2": 1.0404168332654251}]}
	Command being timed: "python results/LANE_SURGICAL_INCISION/layer_extension_r2.py"
	User time (seconds): 68.88
	System time (seconds): 3.14
	Percent of CPU this job got: 120%
	Elapsed (wall clock) time (h:mm:ss or m:ss): 1:00.01
	Average shared text size (kbytes): 0
	Average unshared data size (kbytes): 0
	Average stack size (kbytes): 0
	Average total size (kbytes): 0
	Maximum resident set size (kbytes): 446380
	Average resident set size (kbytes): 0
	Major (requiring I/O) page faults: 0
	Minor (reclaiming a frame) page faults: 1462413
	Voluntary context switches: 203
	Involuntary context switches: 19988
	Swaps: 0
	File system inputs: 56
	File system outputs: 4312
	Socket messages sent: 0
	Socket messages received: 0
	Signals delivered: 0
	Page size (bytes): 4096
	Exit status: 0
