{"out": "results/LANE_SURGICAL_INCISION/r2/layers_v2_n96", "CPU_s": 142.51088838599998, "residual": 5.197646129699811e-11, "cases": 22}
	Command being timed: "python results/LANE_SURGICAL_INCISION/layered_skin_r2.py --nx 96 --out results/LANE_SURGICAL_INCISION/r2/layers_v2_n96"
	User time (seconds): 136.18
	System time (seconds): 6.69
	Percent of CPU this job got: 113%
	Elapsed (wall clock) time (h:mm:ss or m:ss): 2:06.37
	Average shared text size (kbytes): 0
	Average unshared data size (kbytes): 0
	Average stack size (kbytes): 0
	Average total size (kbytes): 0
	Maximum resident set size (kbytes): 266696
	Average resident set size (kbytes): 0
	Major (requiring I/O) page faults: 0
	Minor (reclaiming a frame) page faults: 3243833
	Voluntary context switches: 331
	Involuntary context switches: 25418
	Swaps: 0
	File system inputs: 0
	File system outputs: 6480
	Socket messages sent: 0
	Socket messages received: 0
	Signals delivered: 0
	Page size (bytes): 4096
	Exit status: 0
