Traceback (most recent call last):
  File "results/LANE_SURGICAL_SYNTHESIS/experiment_r3.py", line 65, in <module>
    a=argparse.ArgumentParser();a.add_argument('--out',type=Path,required=True);main(a.parse_args().out)
                                                                                ~~~~^^^^^^^^^^^^^^^^^^^^
  File "results/LANE_SURGICAL_SYNTHESIS/experiment_r3.py", line 26, in main
    for name,cfg in [('nominal',scenario_config()),('all_R3',all_r3_config()),('half_dt',all_r3_config()),('half_dx',all_r3_config())]:
                                                             ~~~~~~~~~~~~~^^
  File "results/LANE_SURGICAL_SYNTHESIS/experiment_r3.py", line 16, in all_r3_config
    p=json.loads((ROOT/'sources/LANE_SURGICAL_RESPONSE/r1/native_chain/native_geometry_response.json').read_text())['parameters']
                 ~~~~~~~~~~~~~~~~~~~~~~~~~~~~~~~~~~~~~~~~~~~~~~~~~~~~~~~~~~~~~~~~~~~~~~~~~~~~~~~~~~~~~~~~~~~~~~~~^^
  File "local_path", line 546, in read_text
    return PathBase.read_text(self, encoding, errors, newline)
           ~~~~~~~~~~~~~~~~~~^^^^^^^^^^^^^^^^^^^^^^^^^^^^^^^^^
  File "local_path", line 632, in read_text
    with self.open(mode='r', encoding=encoding, errors=errors, newline=newline) as f:
         ~~~~~~~~~^^^^^^^^^^^^^^^^^^^^^^^^^^^^^^^^^^^^^^^^^^^^^^^^^^^^^^^^^^^^^
  File "local_path", line 537, in open
    return io.open(self, mode, buffering, encoding, errors, newline)
           ~~~~~~~^^^^^^^^^^^^^^^^^^^^^^^^^^^^^^^^^^^^^^^^^^^^^^^^^^
FileNotFoundError: [Errno 2] No such file or directory: 'results/LANE_SURGICAL_SYNTHESIS/sources/LANE_SURGICAL_RESPONSE/r1/native_chain/native_geometry_response.json'
